[mattgroh.com/index.html]
[backblue.gif]
[fade.gif]
[index.html]
[mattgroh.com/index.xml]
[mattgroh.com/css/main.min.99c825d6997360a60638a6d7876e0f14b3c00fd5e3e4aaa930f612af82c25525.css]
[www.google-analytics.com/analytics.js]
[stackpath.bootstrapcdn.com/bootstrap/4.3.1/css/bootstrap.min.css]
[mattgroh.com/images/groh.jpg]
[mattgroh.com/pdfs/Matt_Groh_CV.pdf]
[mattgroh.com/pdfs/postdoc2024.pdf]
[mattgroh.com/bio/index.html]
[mattgroh.com/images/aas.png]
[mattgroh.com/pdfs/art_science_deeper_dive.pdf]
[mattgroh.com/videos/index.html]
[mattgroh.com/images/nm_thumb.png]
[mattgroh.com/podcasts/index.html]
[mattgroh.com/art/index.html]
[mattgroh.com/images/pdd.png]
[mattgroh.com/pdfs/political_deepfakes.pdf]
[mattgroh.com/images/framework_training_synthetic_skin.png]
[mattgroh.com/pdfs/augmenting_medical_image_classifiers.pdf]
[mattgroh.com/images/self_clean.png]
[mattgroh.com/pdfs/self_clean.pdf]
[mattgroh.com/images/toward_reliable_image.png]
[mattgroh.com/pdfs/towards_reliable_derm_benchmarks.pdf]
[mattgroh.com/images/deepfake-detection.png]
[mattgroh.com/pdfs/detect-fakes-comparing-human-machine.pdf]
[mattgroh.com/images/well_dressed_bear.gif]
[mattgroh.com/pdfs/computational-empathy.pdf]
[mattgroh.com/images/heatmap-fitz.png]
[mattgroh.com/pdfs/towards_transparency.pdf]
[mattgroh.com/images/gap.jpg]
[mattgroh.com/pdfs/contextshift.pdf]
[mattgroh.com/images/diffusion_prompt_process.png]
[mattgroh.com/pdfs/diffusion_models_derm.pdf]
[mattgroh.com/images/emotion.png]
[mattgroh.com/pdfs/context_automated_affect_recognition.pdf]
[mattgroh.com/images/fitzpatrick17k.png]
[mattgroh.com/pdfs/dnn-clinical-fitzpatrick.pdf]
[mattgroh.com/images/deepangel.png]
[mattgroh.com/pdfs/human-detection.pdf]
[mattgroh.com/images/ganimals.png]
[mattgroh.com/pdfs/ganimals2.pdf]
[mattgroh.com/index.html]
[mattgroh.com/css/main.min.99c825d6997360a60638a6d7876e0f14b3c00fd5e3e4aaa930f612af82c25525.css]
[stackpath.bootstrapcdn.com/bootstrap/4.3.1/css/bootstrap.min.css]
[mattgroh.com/technical-notes/index.html]
[mattgroh.com/bio/index.html]
[mattgroh.com/backcountry-recipes/index.html]
[mattgroh.com/videos/index.html]
[mattgroh.com/podcasts/index.html]
[mattgroh.com/images/seams.jpg]
[mattgroh.com/images/detect_fakes_mit_museum.jpg]
[mattgroh.com/images/speaker.jpg]
[mattgroh.com/images/true_or_false.jpg]
[mattgroh.com/images/deepangel_mit_museum.jpg]
[mattgroh.com/images/04-shadows-sans-substance.jpg]
[mattgroh.com/images/arselectronica.jpg]
[mattgroh.com/images/opt1.gif]
[mattgroh.com/images/ganimal-transitions.png]
[mattgroh.com/images/ganimal-ki_tmw.jpg]
[mattgroh.com/images/aispirits.jpg]
[mattgroh.com/art/index.html]
[mattgroh.com/technical-notes-list/jupyter-notebook-from-remote-machine/index.html]
[mattgroh.com/technical-notes-list/reverse-ssh-tunnel/index.html]
[mattgroh.com/technical-notes/index.html]
[mattgroh.com/technical-notes-list/combining-pdfs-from-command-line/index.html]
[mattgroh.com/backcountry-recipes/index.xml]
[mattgroh.com/technical-notes-list/setting-up-hugo-locally/index.html]
[mattgroh.com/backcountry-recipes/index.html]
[mattgroh.com/images/opt1.html]
[mattgroh.com/backcountry-recipes/breakfast/index.html]
[mattgroh.com/technical-notes-list/hosting-hugo-github-pages-custom-domain-name/index.html]
[mattgroh.com/backcountry-recipes/lunch/index.html]
[mattgroh.com/technical-notes-list/jupyter-notebook-from-remote-machine/index.html]
[mattgroh.com/backcountry-recipes/dinner/index.html]
[mattgroh.com/technical-notes-list/reverse-ssh-tunnel/index.html]
[mattgroh.com/technical-notes-list/combining-pdfs-from-command-line/index.html]
[mattgroh.com/images/engimo_ss.png]
[mattgroh.com/technical-notes-list/setting-up-hugo-locally/index.html]
[mattgroh.com/technical-notes-list/hosting-hugo-github-pages-custom-domain-name/index.html]
[mattgroh.com/backcountry-recipes/breakfast/index.html]
[mattgroh.com/backcountry-recipes/lunch/index.html]
[mattgroh.com/backcountry-recipes/dinner/index.html]
